Archive member included because of file (symbol)

lib/libnios2rte-db_4ce10.a(alt_load.o)
                              lib/crt0.o (alt_load)
lib/libnios2rte-db_4ce10.a(alt_main.o)
                              lib/crt0.o (alt_main)
lib/libnios2rte-db_4ce10.a(button.o)
                              main.o (button_pressed)
lib/libnios2rte-db_4ce10.a(general_exception.o)
                              src/exception.o (handle_ge)
lib/libnios2rte-db_4ce10.a(gprintf.o)
                              lib/libnios2rte-db_4ce10.a(general_exception.o) (gprintf)
lib/libnios2rte-db_4ce10.a(irq.o)
                              main.o (enable_all_interrupts)
lib/libnios2rte-db_4ce10.a(led.o)
                              main.o (ledb_vals)
lib/libnios2rte-db_4ce10.a(roomba.o)
                              main.o (radius)
lib/libnios2rte-db_4ce10.a(sound.o)
                              main.o (indiana_jones_theme)
lib/libnios2rte-db_4ce10.a(timer.o)
                              lib/libnios2rte-db_4ce10.a(roomba.o) (tt_periodic)
lib/libnios2rte-db_4ce10.a(tools.o)
                              main.o (my_sleep)
lib/libnios2rte-db_4ce10.a(uart.o)
                              lib/libnios2rte-db_4ce10.a(general_exception.o) (uart_putchar)
/opt/altera12.0/nios2eds/bin/gnu/H-i686-pc-linux-gnu/bin/../lib/gcc/nios2-elf/4.1.2/libgcc.a(_udivdi3.o)
                              lib/libnios2rte-db_4ce10.a(gprintf.o) (__udivdi3)
/opt/altera12.0/nios2eds/bin/gnu/H-i686-pc-linux-gnu/bin/../lib/gcc/nios2-elf/4.1.2/libgcc.a(_umoddi3.o)
                              lib/libnios2rte-db_4ce10.a(gprintf.o) (__umoddi3)
/opt/altera12.0/nios2eds/bin/gnu/H-i686-pc-linux-gnu/bin/../lib/gcc/nios2-elf/4.1.2/libgcc.a(lib2-divmod.o)
                              lib/libnios2rte-db_4ce10.a(roomba.o) (__divsi3)
/opt/altera12.0/nios2eds/bin/gnu/H-i686-pc-linux-gnu/bin/../lib/gcc/nios2-elf/4.1.2/libgcc.a(lib2-mul.o)
                              lib/libnios2rte-db_4ce10.a(gprintf.o) (__mulsi3)
/opt/altera12.0/nios2eds/bin/gnu/H-i686-pc-linux-gnu/bin/../lib/gcc/nios2-elf/4.1.2/libgcc.a(_clz.o)
                              /opt/altera12.0/nios2eds/bin/gnu/H-i686-pc-linux-gnu/bin/../lib/gcc/nios2-elf/4.1.2/libgcc.a(_udivdi3.o) (__clz_tab)
/opt/altera12.0/nios2eds/bin/gnu/H-i686-pc-linux-gnu/bin/../lib/gcc/nios2-elf/4.1.2/../../../../nios2-elf/lib/libc.a(lib_a-exit.o)
                              lib/libnios2rte-db_4ce10.a(alt_main.o) (exit)
/opt/altera12.0/nios2eds/bin/gnu/H-i686-pc-linux-gnu/bin/../lib/gcc/nios2-elf/4.1.2/../../../../nios2-elf/lib/libc.a(lib_a-impure.o)
                              /opt/altera12.0/nios2eds/bin/gnu/H-i686-pc-linux-gnu/bin/../lib/gcc/nios2-elf/4.1.2/../../../../nios2-elf/lib/libc.a(lib_a-exit.o) (_global_impure_ptr)
/opt/altera12.0/nios2eds/bin/gnu/H-i686-pc-linux-gnu/bin/../lib/gcc/nios2-elf/4.1.2/../../../../nios2-elf/lib/libc.a(lib_a-__call_atexit.o)
                              /opt/altera12.0/nios2eds/bin/gnu/H-i686-pc-linux-gnu/bin/../lib/gcc/nios2-elf/4.1.2/../../../../nios2-elf/lib/libc.a(lib_a-exit.o) (__call_exitprocs)
/opt/altera12.0/nios2eds/bin/gnu/H-i686-pc-linux-gnu/bin/../lib/gcc/nios2-elf/4.1.2/../../../../nios2-elf/lib/libnosys.a(nosys_close.o)
                              lib/libnios2rte-db_4ce10.a(alt_main.o) (close)
/opt/altera12.0/nios2eds/bin/gnu/H-i686-pc-linux-gnu/bin/../lib/gcc/nios2-elf/4.1.2/../../../../nios2-elf/lib/libnosys.a(nosys_exit.o)
                              /opt/altera12.0/nios2eds/bin/gnu/H-i686-pc-linux-gnu/bin/../lib/gcc/nios2-elf/4.1.2/../../../../nios2-elf/lib/libc.a(lib_a-exit.o) (_exit)
/opt/altera12.0/nios2eds/bin/gnu/H-i686-pc-linux-gnu/bin/../lib/gcc/nios2-elf/4.1.2/../../../../nios2-elf/lib/libc.a(lib_a-int_errno.o)
                              /opt/altera12.0/nios2eds/bin/gnu/H-i686-pc-linux-gnu/bin/../lib/gcc/nios2-elf/4.1.2/../../../../nios2-elf/lib/libnosys.a(nosys_close.o) (errno)

Allocating common symbols
Common symbol       size              file

errno               0x4               /opt/altera12.0/nios2eds/bin/gnu/H-i686-pc-linux-gnu/bin/../lib/gcc/nios2-elf/4.1.2/../../../../nios2-elf/lib/libc.a(lib_a-int_errno.o)
cliff_right_signal  0x8               lib/libnios2rte-db_4ce10.a(roomba.o)
cliff_front_left_signal
                    0x8               lib/libnios2rte-db_4ce10.a(roomba.o)
infrared_left       0x8               lib/libnios2rte-db_4ce10.a(roomba.o)
infrared_omni       0x8               lib/libnios2rte-db_4ce10.a(roomba.o)
direction           0x4               main.o
infrared_right      0x8               lib/libnios2rte-db_4ce10.a(roomba.o)
cliff_left_signal   0x8               lib/libnios2rte-db_4ce10.a(roomba.o)
str                 0x5               lib/libnios2rte-db_4ce10.a(roomba.o)
cliff_front_right_signal
                    0x8               lib/libnios2rte-db_4ce10.a(roomba.o)

Memory Configuration

Name             Origin             Length             Attributes
reset            0x01000000         0x00000020
sdram            0x01000020         0x00ffffe0
onchip_mem       0x02000000         0x00008000
*default*        0x00000000         0xffffffff

Linker script and memory map

LOAD lib/crt0.o
LOAD main.o
LOAD src/exception.o
LOAD lib/libnios2rte-db_4ce10.a
LOAD /opt/altera12.0/nios2eds/bin/gnu/H-i686-pc-linux-gnu/bin/../lib/gcc/nios2-elf/4.1.2/../../../../nios2-elf/lib/libstdc++.a
LOAD /opt/altera12.0/nios2eds/bin/gnu/H-i686-pc-linux-gnu/bin/../lib/gcc/nios2-elf/4.1.2/../../../../nios2-elf/lib/libm.a
LOAD /opt/altera12.0/nios2eds/bin/gnu/H-i686-pc-linux-gnu/bin/../lib/gcc/nios2-elf/4.1.2/libgcc.a
START GROUP
LOAD /opt/altera12.0/nios2eds/bin/gnu/H-i686-pc-linux-gnu/bin/../lib/gcc/nios2-elf/4.1.2/../../../../nios2-elf/lib/libc.a
LOAD /opt/altera12.0/nios2eds/bin/gnu/H-i686-pc-linux-gnu/bin/../lib/gcc/nios2-elf/4.1.2/libgcc.a
LOAD /opt/altera12.0/nios2eds/bin/gnu/H-i686-pc-linux-gnu/bin/../lib/gcc/nios2-elf/4.1.2/../../../../nios2-elf/lib/libnosys.a
LOAD /opt/altera12.0/nios2eds/bin/gnu/H-i686-pc-linux-gnu/bin/../lib/gcc/nios2-elf/4.1.2/../../../../nios2-elf/lib/libstack.a
END GROUP
LOAD /opt/altera12.0/nios2eds/bin/gnu/H-i686-pc-linux-gnu/bin/../lib/gcc/nios2-elf/4.1.2/libgcc.a
                [0x00001000]                __USTACK_SIZE = DEFINED (__USTACK_SIZE)?__USTACK_SIZE:0x1000
                0x02000000                __alt_mem_onchip_mem = 0x2000000

.entry          0x01000000        0x0
 *(.entry)
 .entry         0x01000000        0x0 lib/crt0.o
                0x01000000                __reset

.exceptions     0x01000020      0x144
                0x01000020                PROVIDE (__ram_exceptions_start, ABSOLUTE (.))
                0x01000020                . = ALIGN (0x20)
 *(.irq)
 *(.exceptions.entry.label)
 .exceptions.entry.label
                0x01000020        0x0 src/exception.o
                0x01000020                alt_exception
 *(.exceptions.entry.user)
 *(.exceptions.entry)
 *(.exceptions.irqtest.user)
 *(.exceptions.irqtest)
 *(.exceptions.irqhandler.user)
 *(.exceptions.irqhandler)
 *(.exceptions.irqreturn.user)
 *(.exceptions.irqreturn)
 *(.exceptions.notirq.label)
 *(.exceptions.notirq.user)
 *(.exceptions.notirq)
 *(.exceptions.soft.user)
 *(.exceptions.soft)
 *(.exceptions.unknown.user)
 *(.exceptions.unknown)
 *(.exceptions.exit.label)
 *(.exceptions.exit.user)
 *(.exceptions.exit)
 *(.exceptions)
 .exceptions    0x01000020      0x144 src/exception.o
                0x01000164                PROVIDE (__ram_exceptions_end, ABSOLUTE (.))
                0x01000020                PROVIDE (__flash_exceptions_start, LOADADDR (.exceptions))

.text           0x01000164     0x45b8
                0x01000164                PROVIDE (stext, ABSOLUTE (.))
 *(.interp)
 *(.hash)
 *(.dynsym)
 *(.dynstr)
 *(.gnu.version)
 *(.gnu.version_d)
 *(.gnu.version_r)
 *(.rel.init)
 *(.rela.init)
 *(.rel.text .rel.text.* .rel.gnu.linkonce.t.*)
 *(.rela.text .rela.text.* .rela.gnu.linkonce.t.*)
 *(.rel.fini)
 *(.rela.fini)
 *(.rel.rodata .rel.rodata.* .rel.gnu.linkonce.r.*)
 *(.rela.rodata .rela.rodata.* .rela.gnu.linkonce.r.*)
 *(.rel.data .rel.data.* .rel.gnu.linkonce.d.*)
 *(.rela.data .rela.data.* .rela.gnu.linkonce.d.*)
 *(.rel.tdata .rel.tdata.* .rel.gnu.linkonce.td.*)
 *(.rela.tdata .rela.tdata.* .rela.gnu.linkonce.td.*)
 *(.rel.tbss .rel.tbss.* .rel.gnu.linkonce.tb.*)
 *(.rela.tbss .rela.tbss.* .rela.gnu.linkonce.tb.*)
 *(.rel.ctors)
 *(.rela.ctors)
 *(.rel.dtors)
 *(.rela.dtors)
 *(.rel.got)
 *(.rela.got)
 *(.rel.sdata .rel.sdata.* .rel.gnu.linkonce.s.*)
 *(.rela.sdata .rela.sdata.* .rela.gnu.linkonce.s.*)
 *(.rel.sbss .rel.sbss.* .rel.gnu.linkonce.sb.*)
 *(.rela.sbss .rela.sbss.* .rela.gnu.linkonce.sb.*)
 *(.rel.sdata2 .rel.sdata2.* .rel.gnu.linkonce.s2.*)
 *(.rela.sdata2 .rela.sdata2.* .rela.gnu.linkonce.s2.*)
 *(.rel.sbss2 .rel.sbss2.* .rel.gnu.linkonce.sb2.*)
 *(.rela.sbss2 .rela.sbss2.* .rela.gnu.linkonce.sb2.*)
 *(.rel.bss .rel.bss.* .rel.gnu.linkonce.b.*)
 *(.rela.bss .rela.bss.* .rela.gnu.linkonce.b.*)
 *(.rel.plt)
 *(.rela.plt)
 *(.rel.dyn)
 *(.init)
 *(.plt)
 *(.text .stub .text.* .gnu.linkonce.t.*)
 .text          0x01000164       0x3c lib/crt0.o
                0x01000164                _start
                0x010001a0                _switch_context
 .text          0x010001a0      0xd7c main.o
                0x010001a0                main
                0x01000950                update_remote_control_sensors
                0x010009ac                update_cliff_sensors
                0x01000a18                drive_offroad
                0x01000ab0                drive_lane
                0x01000b1c                drive_curve_left
                0x01000bb0                drive_curve_right
                0x01000c44                drive_back_to_lane
                0x01000cdc                correct_curse_to_left
                0x01000d9c                correct_curse_to_right
                0x01000e5c                refresh_current_state
 .text          0x01000f1c        0x0 src/exception.o
 .text          0x01000f1c       0xe4 lib/libnios2rte-db_4ce10.a(alt_load.o)
                0x01000f1c                alt_load
 .text          0x01001000       0x34 lib/libnios2rte-db_4ce10.a(alt_main.o)
                0x01001000                alt_main
 .text          0x01001034      0x12c lib/libnios2rte-db_4ce10.a(button.o)
                0x01001034                button_pressed
                0x010010a8                button_wait
 .text          0x01001160       0xbc lib/libnios2rte-db_4ce10.a(general_exception.o)
                0x01001160                handle_ge
 .text          0x0100121c     0x1100 lib/libnios2rte-db_4ce10.a(gprintf.o)
                0x0100121c                gputs
                0x01001254                gprintf
 .text          0x0100231c      0x594 lib/libnios2rte-db_4ce10.a(irq.o)
                0x0100231c                init_irq
                0x01002374                enable_all_interrupts
                0x010023b4                disable_all_interrupts
                0x010023f0                irq_enable
                0x01002494                irq_disable
                0x010024f8                irq_request
                0x01002574                irq_free
                0x01002640                irq_enabled
                0x01002670                do_irq
 .text          0x010028b0       0x2c lib/libnios2rte-db_4ce10.a(led.o)
                0x010028b0                led_init
 .text          0x010028dc      0x83c lib/libnios2rte-db_4ce10.a(roomba.o)
                0x010028dc                init_roomba
                0x01002920                init_cliff_signal
                0x01002974                init_infrared
                0x010029bc                roomba_set_led_on
                0x01002a30                roomba_init_sensor
                0x01002a68                roomba_request_sensor
                0x01002abc                roomba_read_sensor
                0x01002bb8                roomba_update_sensor
                0x01002c00                roomba_set_letters_string
                0x01002cb4                itos
                0x01002de4                show_number_on_display
                0x01002e70                roomba_drive
                0x01002eec                roomba_stop
                0x01002f1c                roomba_turn_angle
                0x01002f4c                read_button
                0x01002f88                roomba_check_for_item
                0x01002fd8                roomba_pick_up_item
                0x0100300c                roomba_generate_rand_item
                0x0100302c                roomba_use_item
                0x010030b0                roomba_item_effect_ends
 .text          0x01003118      0x150 lib/libnios2rte-db_4ce10.a(sound.o)
                0x01003118                transmit_song
                0x010031e8                play_song
                0x0100322c                check_for_playing_song
 .text          0x01003268      0x198 lib/libnios2rte-db_4ce10.a(timer.o)
                0x01003268                tt_periodic
                0x01003304                tt_single
                0x01003380                tt_stop
                0x010033a8                tt_reset
                0x010033d4                _tt_disable
 .text          0x01003400      0x184 lib/libnios2rte-db_4ce10.a(tools.o)
                0x01003400                my_sleep
                0x010034c4                invert_byte_order32
                0x01003538                invert_byte_order16
 .text          0x01003584      0x1e4 lib/libnios2rte-db_4ce10.a(uart.o)
                0x01003584                uart_init
                0x010035a0                uart_putchar
                0x01003608                uart_puts
                0x010036b8                uart_write_byte
                0x01003708                uart_read_byte
 .text          0x01003768      0x5dc /opt/altera12.0/nios2eds/bin/gnu/H-i686-pc-linux-gnu/bin/../lib/gcc/nios2-elf/4.1.2/libgcc.a(_udivdi3.o)
                0x01003768                __udivdi3
 .text          0x01003d44      0x5b0 /opt/altera12.0/nios2eds/bin/gnu/H-i686-pc-linux-gnu/bin/../lib/gcc/nios2-elf/4.1.2/libgcc.a(_umoddi3.o)
                0x01003d44                __umoddi3
 .text          0x010042f4      0x14c /opt/altera12.0/nios2eds/bin/gnu/H-i686-pc-linux-gnu/bin/../lib/gcc/nios2-elf/4.1.2/libgcc.a(lib2-divmod.o)
                0x01004370                __divsi3
                0x010043d0                __modsi3
                0x01004430                __udivsi3
                0x01004438                __umodsi3
 .text          0x01004440       0x38 /opt/altera12.0/nios2eds/bin/gnu/H-i686-pc-linux-gnu/bin/../lib/gcc/nios2-elf/4.1.2/libgcc.a(lib2-mul.o)
                0x01004440                __mulsi3
 .text          0x01004478        0x0 /opt/altera12.0/nios2eds/bin/gnu/H-i686-pc-linux-gnu/bin/../lib/gcc/nios2-elf/4.1.2/libgcc.a(_clz.o)
 .text          0x01004478       0x38 /opt/altera12.0/nios2eds/bin/gnu/H-i686-pc-linux-gnu/bin/../lib/gcc/nios2-elf/4.1.2/../../../../nios2-elf/lib/libc.a(lib_a-exit.o)
                0x01004478                exit
 .text          0x010044b0        0x0 /opt/altera12.0/nios2eds/bin/gnu/H-i686-pc-linux-gnu/bin/../lib/gcc/nios2-elf/4.1.2/../../../../nios2-elf/lib/libc.a(lib_a-impure.o)
 .text          0x010044b0      0x1b4 /opt/altera12.0/nios2eds/bin/gnu/H-i686-pc-linux-gnu/bin/../lib/gcc/nios2-elf/4.1.2/../../../../nios2-elf/lib/libc.a(lib_a-__call_atexit.o)
                0x010044b4                __call_exitprocs
 .text          0x01004664       0x18 /opt/altera12.0/nios2eds/bin/gnu/H-i686-pc-linux-gnu/bin/../lib/gcc/nios2-elf/4.1.2/../../../../nios2-elf/lib/libnosys.a(nosys_close.o)
                0x01004664                close
 .text          0x0100467c       0x30 /opt/altera12.0/nios2eds/bin/gnu/H-i686-pc-linux-gnu/bin/../lib/gcc/nios2-elf/4.1.2/../../../../nios2-elf/lib/libnosys.a(nosys_exit.o)
                0x0100467c                __fake_fini
                0x0100467c                _fini
                0x01004680                _exit
 .text          0x010046ac        0x0 /opt/altera12.0/nios2eds/bin/gnu/H-i686-pc-linux-gnu/bin/../lib/gcc/nios2-elf/4.1.2/../../../../nios2-elf/lib/libc.a(lib_a-int_errno.o)
 *(.gnu.warning.*)
 *(.fini)
                0x010046ac                PROVIDE (__etext, ABSOLUTE (.))
                0x010046ac                PROVIDE (_etext, ABSOLUTE (.))
                0x010046ac                PROVIDE (etext, ABSOLUTE (.))
 *(.eh_frame_hdr)
                0x010046ac                . = ALIGN (0x4)
                0x010046ac                PROVIDE (__preinit_array_start, ABSOLUTE (.))
 *(.preinit_array)
                0x010046ac                PROVIDE (__preinit_array_end, ABSOLUTE (.))
                0x010046ac                PROVIDE (__init_array_start, ABSOLUTE (.))
 *(.init_array)
                0x010046ac                PROVIDE (__init_array_end, ABSOLUTE (.))
                0x010046ac                PROVIDE (__fini_array_start, ABSOLUTE (.))
 *(.fini_array)
                0x010046ac                PROVIDE (__fini_array_end, ABSOLUTE (.))
 *(.eh_frame)
 .eh_frame      0x010046ac       0x40 /opt/altera12.0/nios2eds/bin/gnu/H-i686-pc-linux-gnu/bin/../lib/gcc/nios2-elf/4.1.2/libgcc.a(_udivdi3.o)
 .eh_frame      0x010046ec       0x2c /opt/altera12.0/nios2eds/bin/gnu/H-i686-pc-linux-gnu/bin/../lib/gcc/nios2-elf/4.1.2/libgcc.a(_umoddi3.o)
                                 0x40 (size before relaxing)
 *(.gcc_except_table)
 *(.dynamic)
                0x01004718                PROVIDE (__CTOR_LIST__, ABSOLUTE (.))
 *(.ctors)
 *(SORT(.ctors.*))
 .ctors.65535   0x01004718        0x4 /opt/altera12.0/nios2eds/bin/gnu/H-i686-pc-linux-gnu/bin/../lib/gcc/nios2-elf/4.1.2/../../../../nios2-elf/lib/libc.a(lib_a-__call_atexit.o)
                0x0100471c                PROVIDE (__CTOR_END__, ABSOLUTE (.))
                0x0100471c                PROVIDE (__DTOR_LIST__, ABSOLUTE (.))
 *(.dtors)
 *(SORT(.dtors.*))
                0x0100471c                PROVIDE (__DTOR_END__, ABSOLUTE (.))
 *(.jcr)
                0x0100471c                . = ALIGN (0x4)

.rodata         0x0100471c      0x150
                0x0100471c                PROVIDE (__ram_rodata_start, ABSOLUTE (.))
                0x0100471c                . = ALIGN (0x4)
 *(.rodata .rodata.* .gnu.linkonce.r.*)
 .rodata        0x0100471c       0x28 lib/libnios2rte-db_4ce10.a(general_exception.o)
 .rodata        0x01004744        0xc lib/libnios2rte-db_4ce10.a(gprintf.o)
 .rodata        0x01004750       0x18 lib/libnios2rte-db_4ce10.a(led.o)
                0x01004750                ledb_vals
 .rodata        0x01004768      0x100 /opt/altera12.0/nios2eds/bin/gnu/H-i686-pc-linux-gnu/bin/../lib/gcc/nios2-elf/4.1.2/libgcc.a(_clz.o)
                0x01004768                __clz_tab
 .rodata.str1.4
                0x01004868        0x4 /opt/altera12.0/nios2eds/bin/gnu/H-i686-pc-linux-gnu/bin/../lib/gcc/nios2-elf/4.1.2/../../../../nios2-elf/lib/libc.a(lib_a-impure.o)
 *(.rodata1)
                0x0100486c                . = ALIGN (0x4)
                0x0100486c                PROVIDE (__ram_rodata_end, ABSOLUTE (.))
                0x0100471c                PROVIDE (__flash_rodata_start, LOADADDR (.rodata))

.rwdata         0x0100486c      0x4c0 load address 0x01004d2c
                0x0100486c                PROVIDE (__ram_rwdata_start, ABSOLUTE (.))
                0x0100486c                . = ALIGN (0x4)
 *(.got.plt)
 *(.got)
 *(.data1)
 *(.data .data.* .gnu.linkonce.d.*)
 .data          0x0100486c        0x0 lib/crt0.o
 .data          0x0100486c        0x0 main.o
 .data          0x0100486c        0x0 src/exception.o
 .data          0x0100486c        0x0 lib/libnios2rte-db_4ce10.a(alt_load.o)
 .data          0x0100486c        0x0 lib/libnios2rte-db_4ce10.a(alt_main.o)
 .data          0x0100486c        0x0 lib/libnios2rte-db_4ce10.a(button.o)
 .data          0x0100486c        0x0 lib/libnios2rte-db_4ce10.a(general_exception.o)
 .data          0x0100486c        0x0 lib/libnios2rte-db_4ce10.a(gprintf.o)
 .data          0x0100486c        0x0 lib/libnios2rte-db_4ce10.a(irq.o)
 .data          0x0100486c        0x0 lib/libnios2rte-db_4ce10.a(led.o)
 .data          0x0100486c        0x0 lib/libnios2rte-db_4ce10.a(roomba.o)
 .data          0x0100486c       0x5c lib/libnios2rte-db_4ce10.a(sound.o)
                0x0100486c                indiana_jones_theme
                0x0100488c                indiana_jones_theme_part_2
                0x010048ac                indiana_jones_theme_part_3
 .data          0x010048c8        0x0 lib/libnios2rte-db_4ce10.a(timer.o)
 .data          0x010048c8        0x0 lib/libnios2rte-db_4ce10.a(tools.o)
 .data          0x010048c8        0x0 lib/libnios2rte-db_4ce10.a(uart.o)
 .data          0x010048c8        0x0 /opt/altera12.0/nios2eds/bin/gnu/H-i686-pc-linux-gnu/bin/../lib/gcc/nios2-elf/4.1.2/libgcc.a(_udivdi3.o)
 .data          0x010048c8        0x0 /opt/altera12.0/nios2eds/bin/gnu/H-i686-pc-linux-gnu/bin/../lib/gcc/nios2-elf/4.1.2/libgcc.a(_umoddi3.o)
 .data          0x010048c8        0x0 /opt/altera12.0/nios2eds/bin/gnu/H-i686-pc-linux-gnu/bin/../lib/gcc/nios2-elf/4.1.2/libgcc.a(lib2-divmod.o)
 .data          0x010048c8        0x0 /opt/altera12.0/nios2eds/bin/gnu/H-i686-pc-linux-gnu/bin/../lib/gcc/nios2-elf/4.1.2/libgcc.a(lib2-mul.o)
 .data          0x010048c8        0x0 /opt/altera12.0/nios2eds/bin/gnu/H-i686-pc-linux-gnu/bin/../lib/gcc/nios2-elf/4.1.2/libgcc.a(_clz.o)
 .data          0x010048c8        0x0 /opt/altera12.0/nios2eds/bin/gnu/H-i686-pc-linux-gnu/bin/../lib/gcc/nios2-elf/4.1.2/../../../../nios2-elf/lib/libc.a(lib_a-exit.o)
 .data          0x010048c8      0x400 /opt/altera12.0/nios2eds/bin/gnu/H-i686-pc-linux-gnu/bin/../lib/gcc/nios2-elf/4.1.2/../../../../nios2-elf/lib/libc.a(lib_a-impure.o)
 .data          0x01004cc8        0x0 /opt/altera12.0/nios2eds/bin/gnu/H-i686-pc-linux-gnu/bin/../lib/gcc/nios2-elf/4.1.2/../../../../nios2-elf/lib/libc.a(lib_a-__call_atexit.o)
 .data          0x01004cc8        0x0 /opt/altera12.0/nios2eds/bin/gnu/H-i686-pc-linux-gnu/bin/../lib/gcc/nios2-elf/4.1.2/../../../../nios2-elf/lib/libnosys.a(nosys_close.o)
 .data          0x01004cc8        0x0 /opt/altera12.0/nios2eds/bin/gnu/H-i686-pc-linux-gnu/bin/../lib/gcc/nios2-elf/4.1.2/../../../../nios2-elf/lib/libnosys.a(nosys_exit.o)
 .data          0x01004cc8        0x0 /opt/altera12.0/nios2eds/bin/gnu/H-i686-pc-linux-gnu/bin/../lib/gcc/nios2-elf/4.1.2/../../../../nios2-elf/lib/libc.a(lib_a-int_errno.o)
                0x0100ccc8                _gp = ABSOLUTE ((. + 0x8000))
                0x0100ccc8                PROVIDE (gp, _gp)
 *(.rwdata .rwdata.*)
 *(.sdata .sdata.* .gnu.linkonce.s.*)
 .sdata         0x01004cc8        0x4 main.o
                0x01004cc8                greeting
 .sdata         0x01004ccc        0x2 lib/libnios2rte-db_4ce10.a(button.o)
                0x01004ccc                button_vals
 *fill*         0x01004cce        0x2 00
 .sdata         0x01004cd0        0x4 lib/libnios2rte-db_4ce10.a(irq.o)
                0x01004cd0                irq_state
 .sdata         0x01004cd4       0x48 lib/libnios2rte-db_4ce10.a(roomba.o)
                0x01004cd4                cliff_left_signal_sensor
                0x01004cdc                cliff_front_left_signal_sensor
                0x01004ce4                cliff_front_right_signal_sensor
                0x01004cec                cliff_right_signal_sensor
                0x01004cf4                infrared_omni_sensor
                0x01004cfc                infrared_right_sensor
                0x01004d04                infrared_left_sensor
                0x01004d0c                radius
                0x01004d0e                radius_counter_clockwise
                0x01004d10                current_state
                0x01004d14                velocity
                0x01004d18                NUM_DISPLAYS
 .sdata         0x01004d1c        0x8 lib/libnios2rte-db_4ce10.a(sound.o)
                0x01004d1c                item_detected_sound
 .sdata         0x01004d24        0x8 /opt/altera12.0/nios2eds/bin/gnu/H-i686-pc-linux-gnu/bin/../lib/gcc/nios2-elf/4.1.2/../../../../nios2-elf/lib/libc.a(lib_a-impure.o)
                0x01004d24                _impure_ptr
                0x01004d28                _global_impure_ptr
 *(.sdata2 .sdata2.* .gnu.linkonce.s2.*)
                0x01004d2c                . = ALIGN (0x4)
                0x01004d2c                _edata = ABSOLUTE (.)
                0x01004d2c                PROVIDE (edata, ABSOLUTE (.))
                0x01004d2c                PROVIDE (__ram_rwdata_end, ABSOLUTE (.))
                0x01004d2c                PROVIDE (__flash_rwdata_start, LOADADDR (.rwdata))

.bss            0x010051ec     0x10c0
                0x010051ec                __bss_start = ABSOLUTE (.)
                0x010051ec                PROVIDE (__sbss_start, ABSOLUTE (.))
                0x010051ec                PROVIDE (___sbss_start, ABSOLUTE (.))
 *(.dynsbss)
 *(.sbss .sbss.* .gnu.linkonce.sb.*)
 .sbss          0x010051ec       0x10 main.o
                0x010051ec                curve_detected
                0x010051f0                item_detected_mode
                0x010051f4                offroad_counter
                0x010051f8                course_correction_counter
 .sbss          0x010051fc        0x4 main.o
                0x010051fc                direction
 .sbss          0x01005200        0xc lib/libnios2rte-db_4ce10.a(alt_main.o)
                0x01005200                alt_argc
                0x01005204                alt_argv
                0x01005208                alt_envp
 .sbss          0x0100520c       0x4c lib/libnios2rte-db_4ce10.a(roomba.o)
                0x0100520c                current_item
                0x01005210                last_item_used
                0x01005214                should_refresh_state
                0x01005218                cliff_right_signal
                0x01005220                cliff_front_left_signal
                0x01005228                infrared_left
                0x01005230                infrared_omni
                0x01005238                infrared_right
                0x01005240                cliff_left_signal
                0x01005248                str
                0x01005250                cliff_front_right_signal
 .sbss          0x01005258        0x4 /opt/altera12.0/nios2eds/bin/gnu/H-i686-pc-linux-gnu/bin/../lib/gcc/nios2-elf/4.1.2/../../../../nios2-elf/lib/libc.a(lib_a-int_errno.o)
                0x01005258                errno
 *(.sbss2 .sbss2.* .gnu.linkonce.sb2.*)
 *(.scommon)
                0x0100525c                PROVIDE (__sbss_end, ABSOLUTE (.))
                0x0100525c                PROVIDE (___sbss_end, ABSOLUTE (.))
 *(.dynbss)
 *(.bss .bss.* .gnu.linkonce.b.*)
 .bss           0x0100525c        0x0 lib/crt0.o
 .bss           0x0100525c        0x0 main.o
 .bss           0x0100525c        0x0 src/exception.o
 .bss           0x0100525c        0x0 lib/libnios2rte-db_4ce10.a(alt_load.o)
 .bss           0x0100525c        0x0 lib/libnios2rte-db_4ce10.a(alt_main.o)
 .bss           0x0100525c        0x0 lib/libnios2rte-db_4ce10.a(button.o)
 .bss           0x0100525c        0x0 lib/libnios2rte-db_4ce10.a(general_exception.o)
 .bss           0x0100525c        0x0 lib/libnios2rte-db_4ce10.a(gprintf.o)
 .bss           0x0100525c       0x50 lib/libnios2rte-db_4ce10.a(irq.o)
 .bss           0x010052ac        0x0 lib/libnios2rte-db_4ce10.a(led.o)
 .bss           0x010052ac        0x0 lib/libnios2rte-db_4ce10.a(roomba.o)
 .bss           0x010052ac        0x0 lib/libnios2rte-db_4ce10.a(sound.o)
 .bss           0x010052ac        0x0 lib/libnios2rte-db_4ce10.a(timer.o)
 .bss           0x010052ac        0x0 lib/libnios2rte-db_4ce10.a(tools.o)
 .bss           0x010052ac        0x0 lib/libnios2rte-db_4ce10.a(uart.o)
 .bss           0x010052ac        0x0 /opt/altera12.0/nios2eds/bin/gnu/H-i686-pc-linux-gnu/bin/../lib/gcc/nios2-elf/4.1.2/libgcc.a(_udivdi3.o)
 .bss           0x010052ac        0x0 /opt/altera12.0/nios2eds/bin/gnu/H-i686-pc-linux-gnu/bin/../lib/gcc/nios2-elf/4.1.2/libgcc.a(_umoddi3.o)
 .bss           0x010052ac        0x0 /opt/altera12.0/nios2eds/bin/gnu/H-i686-pc-linux-gnu/bin/../lib/gcc/nios2-elf/4.1.2/libgcc.a(lib2-divmod.o)
 .bss           0x010052ac        0x0 /opt/altera12.0/nios2eds/bin/gnu/H-i686-pc-linux-gnu/bin/../lib/gcc/nios2-elf/4.1.2/libgcc.a(lib2-mul.o)
 .bss           0x010052ac        0x0 /opt/altera12.0/nios2eds/bin/gnu/H-i686-pc-linux-gnu/bin/../lib/gcc/nios2-elf/4.1.2/libgcc.a(_clz.o)
 .bss           0x010052ac        0x0 /opt/altera12.0/nios2eds/bin/gnu/H-i686-pc-linux-gnu/bin/../lib/gcc/nios2-elf/4.1.2/../../../../nios2-elf/lib/libc.a(lib_a-exit.o)
 .bss           0x010052ac        0x0 /opt/altera12.0/nios2eds/bin/gnu/H-i686-pc-linux-gnu/bin/../lib/gcc/nios2-elf/4.1.2/../../../../nios2-elf/lib/libc.a(lib_a-impure.o)
 .bss           0x010052ac        0x0 /opt/altera12.0/nios2eds/bin/gnu/H-i686-pc-linux-gnu/bin/../lib/gcc/nios2-elf/4.1.2/../../../../nios2-elf/lib/libc.a(lib_a-__call_atexit.o)
 .bss           0x010052ac        0x0 /opt/altera12.0/nios2eds/bin/gnu/H-i686-pc-linux-gnu/bin/../lib/gcc/nios2-elf/4.1.2/../../../../nios2-elf/lib/libnosys.a(nosys_close.o)
 .bss           0x010052ac        0x0 /opt/altera12.0/nios2eds/bin/gnu/H-i686-pc-linux-gnu/bin/../lib/gcc/nios2-elf/4.1.2/../../../../nios2-elf/lib/libnosys.a(nosys_exit.o)
 .bss           0x010052ac        0x0 /opt/altera12.0/nios2eds/bin/gnu/H-i686-pc-linux-gnu/bin/../lib/gcc/nios2-elf/4.1.2/../../../../nios2-elf/lib/libc.a(lib_a-int_errno.o)
 *(COMMON)
                0x010052ac                . = ALIGN (0x4)
                0x010052ac                __USTACK_TOP = .
                0x010062ac                . = (__USTACK_TOP + __USTACK_SIZE)
 *fill*         0x010052ac     0x1000 00
                0x010062ac                __USTACK_BOTTOM = .
                0x010062ac                __bss_end = ABSOLUTE (.)
                0x010062ac                __alt_data_end = ALIGN (0x4)

.sdram          0x010062ac        0x0
                0x010062ac                PROVIDE (_alt_partition_sdram_start, ABSOLUTE (.))
 *(.sdram. sdram.*)
                0x010062ac                . = ALIGN (0x4)
                0x010062ac                PROVIDE (_alt_partition_sdram_end, ABSOLUTE (.))
                0x010062ac                _end = ABSOLUTE (.)
                0x010062ac                end = ABSOLUTE (.)
                0x010062ac                PROVIDE (_alt_partition_sdram_load_addr, LOADADDR (.sdram))

.stab
 *(.stab)

.stabstr
 *(.stabstr)

.stab.excl
 *(.stab.excl)

.stab.exclstr
 *(.stab.exclstr)

.stab.index
 *(.stab.index)

.stab.indexstr
 *(.stab.indexstr)

.comment        0x00000000       0x23
 *(.comment)
 .comment       0x00000000       0x23 main.o
                                 0x24 (size before relaxing)
 .comment       0x00000000       0x24 lib/libnios2rte-db_4ce10.a(alt_load.o)
 .comment       0x00000000       0x24 lib/libnios2rte-db_4ce10.a(alt_main.o)
 .comment       0x00000000       0x24 lib/libnios2rte-db_4ce10.a(button.o)
 .comment       0x00000000       0x24 lib/libnios2rte-db_4ce10.a(general_exception.o)
 .comment       0x00000000       0x24 lib/libnios2rte-db_4ce10.a(gprintf.o)
 .comment       0x00000000       0x24 lib/libnios2rte-db_4ce10.a(irq.o)
 .comment       0x00000000       0x24 lib/libnios2rte-db_4ce10.a(led.o)
 .comment       0x00000000       0x24 lib/libnios2rte-db_4ce10.a(roomba.o)
 .comment       0x00000000       0x24 lib/libnios2rte-db_4ce10.a(sound.o)
 .comment       0x00000000       0x24 lib/libnios2rte-db_4ce10.a(timer.o)
 .comment       0x00000000       0x24 lib/libnios2rte-db_4ce10.a(tools.o)
 .comment       0x00000000       0x24 lib/libnios2rte-db_4ce10.a(uart.o)
 .comment       0x00000000       0x24 /opt/altera12.0/nios2eds/bin/gnu/H-i686-pc-linux-gnu/bin/../lib/gcc/nios2-elf/4.1.2/libgcc.a(_udivdi3.o)
 .comment       0x00000000       0x24 /opt/altera12.0/nios2eds/bin/gnu/H-i686-pc-linux-gnu/bin/../lib/gcc/nios2-elf/4.1.2/libgcc.a(_umoddi3.o)
 .comment       0x00000000       0x24 /opt/altera12.0/nios2eds/bin/gnu/H-i686-pc-linux-gnu/bin/../lib/gcc/nios2-elf/4.1.2/libgcc.a(lib2-divmod.o)
 .comment       0x00000000       0x24 /opt/altera12.0/nios2eds/bin/gnu/H-i686-pc-linux-gnu/bin/../lib/gcc/nios2-elf/4.1.2/libgcc.a(lib2-mul.o)
 .comment       0x00000000       0x24 /opt/altera12.0/nios2eds/bin/gnu/H-i686-pc-linux-gnu/bin/../lib/gcc/nios2-elf/4.1.2/libgcc.a(_clz.o)
 .comment       0x00000000       0x24 /opt/altera12.0/nios2eds/bin/gnu/H-i686-pc-linux-gnu/bin/../lib/gcc/nios2-elf/4.1.2/../../../../nios2-elf/lib/libc.a(lib_a-exit.o)
 .comment       0x00000000       0x24 /opt/altera12.0/nios2eds/bin/gnu/H-i686-pc-linux-gnu/bin/../lib/gcc/nios2-elf/4.1.2/../../../../nios2-elf/lib/libc.a(lib_a-impure.o)
 .comment       0x00000000       0x24 /opt/altera12.0/nios2eds/bin/gnu/H-i686-pc-linux-gnu/bin/../lib/gcc/nios2-elf/4.1.2/../../../../nios2-elf/lib/libc.a(lib_a-__call_atexit.o)
 .comment       0x00000000       0x24 /opt/altera12.0/nios2eds/bin/gnu/H-i686-pc-linux-gnu/bin/../lib/gcc/nios2-elf/4.1.2/../../../../nios2-elf/lib/libnosys.a(nosys_close.o)
 .comment       0x00000000       0x24 /opt/altera12.0/nios2eds/bin/gnu/H-i686-pc-linux-gnu/bin/../lib/gcc/nios2-elf/4.1.2/../../../../nios2-elf/lib/libnosys.a(nosys_exit.o)
 .comment       0x00000000       0x24 /opt/altera12.0/nios2eds/bin/gnu/H-i686-pc-linux-gnu/bin/../lib/gcc/nios2-elf/4.1.2/../../../../nios2-elf/lib/libc.a(lib_a-int_errno.o)

.debug
 *(.debug)

.line
 *(.line)

.debug_srcinfo
 *(.debug_srcinfo)

.debug_sfnames
 *(.debug_sfnames)

.debug_aranges  0x00000000      0x2a0
 *(.debug_aranges)
 .debug_aranges
                0x00000000       0x20 main.o
 .debug_aranges
                0x00000020       0x20 lib/libnios2rte-db_4ce10.a(alt_load.o)
 .debug_aranges
                0x00000040       0x20 lib/libnios2rte-db_4ce10.a(alt_main.o)
 .debug_aranges
                0x00000060       0x20 lib/libnios2rte-db_4ce10.a(button.o)
 .debug_aranges
                0x00000080       0x20 lib/libnios2rte-db_4ce10.a(general_exception.o)
 .debug_aranges
                0x000000a0       0x20 lib/libnios2rte-db_4ce10.a(gprintf.o)
 .debug_aranges
                0x000000c0       0x20 lib/libnios2rte-db_4ce10.a(irq.o)
 .debug_aranges
                0x000000e0       0x20 lib/libnios2rte-db_4ce10.a(led.o)
 .debug_aranges
                0x00000100       0x20 lib/libnios2rte-db_4ce10.a(roomba.o)
 .debug_aranges
                0x00000120       0x20 lib/libnios2rte-db_4ce10.a(sound.o)
 .debug_aranges
                0x00000140       0x20 lib/libnios2rte-db_4ce10.a(timer.o)
 .debug_aranges
                0x00000160       0x20 lib/libnios2rte-db_4ce10.a(tools.o)
 .debug_aranges
                0x00000180       0x20 lib/libnios2rte-db_4ce10.a(uart.o)
 .debug_aranges
                0x000001a0       0x20 /opt/altera12.0/nios2eds/bin/gnu/H-i686-pc-linux-gnu/bin/../lib/gcc/nios2-elf/4.1.2/libgcc.a(_udivdi3.o)
 .debug_aranges
                0x000001c0       0x20 /opt/altera12.0/nios2eds/bin/gnu/H-i686-pc-linux-gnu/bin/../lib/gcc/nios2-elf/4.1.2/libgcc.a(_umoddi3.o)
 .debug_aranges
                0x000001e0       0x20 /opt/altera12.0/nios2eds/bin/gnu/H-i686-pc-linux-gnu/bin/../lib/gcc/nios2-elf/4.1.2/libgcc.a(lib2-divmod.o)
 .debug_aranges
                0x00000200       0x20 /opt/altera12.0/nios2eds/bin/gnu/H-i686-pc-linux-gnu/bin/../lib/gcc/nios2-elf/4.1.2/libgcc.a(lib2-mul.o)
 .debug_aranges
                0x00000220       0x20 /opt/altera12.0/nios2eds/bin/gnu/H-i686-pc-linux-gnu/bin/../lib/gcc/nios2-elf/4.1.2/../../../../nios2-elf/lib/libc.a(lib_a-exit.o)
 .debug_aranges
                0x00000240       0x20 /opt/altera12.0/nios2eds/bin/gnu/H-i686-pc-linux-gnu/bin/../lib/gcc/nios2-elf/4.1.2/../../../../nios2-elf/lib/libc.a(lib_a-__call_atexit.o)
 .debug_aranges
                0x00000260       0x20 /opt/altera12.0/nios2eds/bin/gnu/H-i686-pc-linux-gnu/bin/../lib/gcc/nios2-elf/4.1.2/../../../../nios2-elf/lib/libnosys.a(nosys_close.o)
 .debug_aranges
                0x00000280       0x20 /opt/altera12.0/nios2eds/bin/gnu/H-i686-pc-linux-gnu/bin/../lib/gcc/nios2-elf/4.1.2/../../../../nios2-elf/lib/libnosys.a(nosys_exit.o)

.debug_pubnames
                0x00000000      0xa98
 *(.debug_pubnames)
 .debug_pubnames
                0x00000000      0x17f main.o
 .debug_pubnames
                0x0000017f       0x1f lib/libnios2rte-db_4ce10.a(alt_load.o)
 .debug_pubnames
                0x0000019e       0x46 lib/libnios2rte-db_4ce10.a(alt_main.o)
 .debug_pubnames
                0x000001e4       0x45 lib/libnios2rte-db_4ce10.a(button.o)
 .debug_pubnames
                0x00000229       0x20 lib/libnios2rte-db_4ce10.a(general_exception.o)
 .debug_pubnames
                0x00000249       0x28 lib/libnios2rte-db_4ce10.a(gprintf.o)
 .debug_pubnames
                0x00000271       0xb9 lib/libnios2rte-db_4ce10.a(irq.o)
 .debug_pubnames
                0x0000032a       0x2d lib/libnios2rte-db_4ce10.a(led.o)
 .debug_pubnames
                0x00000357      0x3d2 lib/libnios2rte-db_4ce10.a(roomba.o)
 .debug_pubnames
                0x00000729       0xbb lib/libnios2rte-db_4ce10.a(sound.o)
 .debug_pubnames
                0x000007e4       0x59 lib/libnios2rte-db_4ce10.a(timer.o)
 .debug_pubnames
                0x0000083d       0x4f lib/libnios2rte-db_4ce10.a(tools.o)
 .debug_pubnames
                0x0000088c       0x66 lib/libnios2rte-db_4ce10.a(uart.o)
 .debug_pubnames
                0x000008f2       0x20 /opt/altera12.0/nios2eds/bin/gnu/H-i686-pc-linux-gnu/bin/../lib/gcc/nios2-elf/4.1.2/libgcc.a(_udivdi3.o)
 .debug_pubnames
                0x00000912       0x20 /opt/altera12.0/nios2eds/bin/gnu/H-i686-pc-linux-gnu/bin/../lib/gcc/nios2-elf/4.1.2/libgcc.a(_umoddi3.o)
 .debug_pubnames
                0x00000932       0x48 /opt/altera12.0/nios2eds/bin/gnu/H-i686-pc-linux-gnu/bin/../lib/gcc/nios2-elf/4.1.2/libgcc.a(lib2-divmod.o)
 .debug_pubnames
                0x0000097a       0x1f /opt/altera12.0/nios2eds/bin/gnu/H-i686-pc-linux-gnu/bin/../lib/gcc/nios2-elf/4.1.2/libgcc.a(lib2-mul.o)
 .debug_pubnames
                0x00000999       0x20 /opt/altera12.0/nios2eds/bin/gnu/H-i686-pc-linux-gnu/bin/../lib/gcc/nios2-elf/4.1.2/libgcc.a(_clz.o)
 .debug_pubnames
                0x000009b9       0x1b /opt/altera12.0/nios2eds/bin/gnu/H-i686-pc-linux-gnu/bin/../lib/gcc/nios2-elf/4.1.2/../../../../nios2-elf/lib/libc.a(lib_a-exit.o)
 .debug_pubnames
                0x000009d4       0x39 /opt/altera12.0/nios2eds/bin/gnu/H-i686-pc-linux-gnu/bin/../lib/gcc/nios2-elf/4.1.2/../../../../nios2-elf/lib/libc.a(lib_a-impure.o)
 .debug_pubnames
                0x00000a0d       0x27 /opt/altera12.0/nios2eds/bin/gnu/H-i686-pc-linux-gnu/bin/../lib/gcc/nios2-elf/4.1.2/../../../../nios2-elf/lib/libc.a(lib_a-__call_atexit.o)
 .debug_pubnames
                0x00000a34       0x1c /opt/altera12.0/nios2eds/bin/gnu/H-i686-pc-linux-gnu/bin/../lib/gcc/nios2-elf/4.1.2/../../../../nios2-elf/lib/libnosys.a(nosys_close.o)
 .debug_pubnames
                0x00000a50       0x2c /opt/altera12.0/nios2eds/bin/gnu/H-i686-pc-linux-gnu/bin/../lib/gcc/nios2-elf/4.1.2/../../../../nios2-elf/lib/libnosys.a(nosys_exit.o)
 .debug_pubnames
                0x00000a7c       0x1c /opt/altera12.0/nios2eds/bin/gnu/H-i686-pc-linux-gnu/bin/../lib/gcc/nios2-elf/4.1.2/../../../../nios2-elf/lib/libc.a(lib_a-int_errno.o)

.debug_info     0x00000000     0x6285
 *(.debug_info .gnu.linkonce.wi.*)
 .debug_info    0x00000000      0x786 main.o
 .debug_info    0x00000786      0x268 lib/libnios2rte-db_4ce10.a(alt_load.o)
 .debug_info    0x000009ee      0x200 lib/libnios2rte-db_4ce10.a(alt_main.o)
 .debug_info    0x00000bee      0x1f6 lib/libnios2rte-db_4ce10.a(button.o)
 .debug_info    0x00000de4      0x379 lib/libnios2rte-db_4ce10.a(general_exception.o)
 .debug_info    0x0000115d      0x4ff lib/libnios2rte-db_4ce10.a(gprintf.o)
 .debug_info    0x0000165c      0x502 lib/libnios2rte-db_4ce10.a(irq.o)
 .debug_info    0x00001b5e      0x14f lib/libnios2rte-db_4ce10.a(led.o)
 .debug_info    0x00001cad      0xbe5 lib/libnios2rte-db_4ce10.a(roomba.o)
 .debug_info    0x00002892      0x2e8 lib/libnios2rte-db_4ce10.a(sound.o)
 .debug_info    0x00002b7a      0x208 lib/libnios2rte-db_4ce10.a(timer.o)
 .debug_info    0x00002d82      0x200 lib/libnios2rte-db_4ce10.a(tools.o)
 .debug_info    0x00002f82      0x2b4 lib/libnios2rte-db_4ce10.a(uart.o)
 .debug_info    0x00003236      0x724 /opt/altera12.0/nios2eds/bin/gnu/H-i686-pc-linux-gnu/bin/../lib/gcc/nios2-elf/4.1.2/libgcc.a(_udivdi3.o)
 .debug_info    0x0000395a      0x751 /opt/altera12.0/nios2eds/bin/gnu/H-i686-pc-linux-gnu/bin/../lib/gcc/nios2-elf/4.1.2/libgcc.a(_umoddi3.o)
 .debug_info    0x000040ab      0x21c /opt/altera12.0/nios2eds/bin/gnu/H-i686-pc-linux-gnu/bin/../lib/gcc/nios2-elf/4.1.2/libgcc.a(lib2-divmod.o)
 .debug_info    0x000042c7       0xf3 /opt/altera12.0/nios2eds/bin/gnu/H-i686-pc-linux-gnu/bin/../lib/gcc/nios2-elf/4.1.2/libgcc.a(lib2-mul.o)
 .debug_info    0x000043ba       0xc9 /opt/altera12.0/nios2eds/bin/gnu/H-i686-pc-linux-gnu/bin/../lib/gcc/nios2-elf/4.1.2/libgcc.a(_clz.o)
 .debug_info    0x00004483      0x93f /opt/altera12.0/nios2eds/bin/gnu/H-i686-pc-linux-gnu/bin/../lib/gcc/nios2-elf/4.1.2/../../../../nios2-elf/lib/libc.a(lib_a-exit.o)
 .debug_info    0x00004dc2      0x93d /opt/altera12.0/nios2eds/bin/gnu/H-i686-pc-linux-gnu/bin/../lib/gcc/nios2-elf/4.1.2/../../../../nios2-elf/lib/libc.a(lib_a-impure.o)
 .debug_info    0x000056ff      0x9e2 /opt/altera12.0/nios2eds/bin/gnu/H-i686-pc-linux-gnu/bin/../lib/gcc/nios2-elf/4.1.2/../../../../nios2-elf/lib/libc.a(lib_a-__call_atexit.o)
 .debug_info    0x000060e1       0xb0 /opt/altera12.0/nios2eds/bin/gnu/H-i686-pc-linux-gnu/bin/../lib/gcc/nios2-elf/4.1.2/../../../../nios2-elf/lib/libnosys.a(nosys_close.o)
 .debug_info    0x00006191       0x68 /opt/altera12.0/nios2eds/bin/gnu/H-i686-pc-linux-gnu/bin/../lib/gcc/nios2-elf/4.1.2/../../../../nios2-elf/lib/libnosys.a(nosys_exit.o)
 .debug_info    0x000061f9       0x8c /opt/altera12.0/nios2eds/bin/gnu/H-i686-pc-linux-gnu/bin/../lib/gcc/nios2-elf/4.1.2/../../../../nios2-elf/lib/libc.a(lib_a-int_errno.o)

.debug_abbrev   0x00000000     0x14e9
 *(.debug_abbrev)
 .debug_abbrev  0x00000000      0x116 main.o
 .debug_abbrev  0x00000116       0x88 lib/libnios2rte-db_4ce10.a(alt_load.o)
 .debug_abbrev  0x0000019e       0xb7 lib/libnios2rte-db_4ce10.a(alt_main.o)
 .debug_abbrev  0x00000255       0xac lib/libnios2rte-db_4ce10.a(button.o)
 .debug_abbrev  0x00000301       0x8f lib/libnios2rte-db_4ce10.a(general_exception.o)
 .debug_abbrev  0x00000390      0x100 lib/libnios2rte-db_4ce10.a(gprintf.o)
 .debug_abbrev  0x00000490      0x119 lib/libnios2rte-db_4ce10.a(irq.o)
 .debug_abbrev  0x000005a9       0x76 lib/libnios2rte-db_4ce10.a(led.o)
 .debug_abbrev  0x0000061f      0x1d8 lib/libnios2rte-db_4ce10.a(roomba.o)
 .debug_abbrev  0x000007f7       0xd8 lib/libnios2rte-db_4ce10.a(sound.o)
 .debug_abbrev  0x000008cf       0x78 lib/libnios2rte-db_4ce10.a(timer.o)
 .debug_abbrev  0x00000947       0x91 lib/libnios2rte-db_4ce10.a(tools.o)
 .debug_abbrev  0x000009d8       0xc3 lib/libnios2rte-db_4ce10.a(uart.o)
 .debug_abbrev  0x00000a9b      0x16b /opt/altera12.0/nios2eds/bin/gnu/H-i686-pc-linux-gnu/bin/../lib/gcc/nios2-elf/4.1.2/libgcc.a(_udivdi3.o)
 .debug_abbrev  0x00000c06      0x18e /opt/altera12.0/nios2eds/bin/gnu/H-i686-pc-linux-gnu/bin/../lib/gcc/nios2-elf/4.1.2/libgcc.a(_umoddi3.o)
 .debug_abbrev  0x00000d94       0xe0 /opt/altera12.0/nios2eds/bin/gnu/H-i686-pc-linux-gnu/bin/../lib/gcc/nios2-elf/4.1.2/libgcc.a(lib2-divmod.o)
 .debug_abbrev  0x00000e74       0x7b /opt/altera12.0/nios2eds/bin/gnu/H-i686-pc-linux-gnu/bin/../lib/gcc/nios2-elf/4.1.2/libgcc.a(lib2-mul.o)
 .debug_abbrev  0x00000eef       0x61 /opt/altera12.0/nios2eds/bin/gnu/H-i686-pc-linux-gnu/bin/../lib/gcc/nios2-elf/4.1.2/libgcc.a(_clz.o)
 .debug_abbrev  0x00000f50      0x16e /opt/altera12.0/nios2eds/bin/gnu/H-i686-pc-linux-gnu/bin/../lib/gcc/nios2-elf/4.1.2/../../../../nios2-elf/lib/libc.a(lib_a-exit.o)
 .debug_abbrev  0x000010be      0x157 /opt/altera12.0/nios2eds/bin/gnu/H-i686-pc-linux-gnu/bin/../lib/gcc/nios2-elf/4.1.2/../../../../nios2-elf/lib/libc.a(lib_a-impure.o)
 .debug_abbrev  0x00001215      0x1de /opt/altera12.0/nios2eds/bin/gnu/H-i686-pc-linux-gnu/bin/../lib/gcc/nios2-elf/4.1.2/../../../../nios2-elf/lib/libc.a(lib_a-__call_atexit.o)
 .debug_abbrev  0x000013f3       0x63 /opt/altera12.0/nios2eds/bin/gnu/H-i686-pc-linux-gnu/bin/../lib/gcc/nios2-elf/4.1.2/../../../../nios2-elf/lib/libnosys.a(nosys_close.o)
 .debug_abbrev  0x00001456       0x58 /opt/altera12.0/nios2eds/bin/gnu/H-i686-pc-linux-gnu/bin/../lib/gcc/nios2-elf/4.1.2/../../../../nios2-elf/lib/libnosys.a(nosys_exit.o)
 .debug_abbrev  0x000014ae       0x3b /opt/altera12.0/nios2eds/bin/gnu/H-i686-pc-linux-gnu/bin/../lib/gcc/nios2-elf/4.1.2/../../../../nios2-elf/lib/libc.a(lib_a-int_errno.o)

.debug_line     0x00000000     0x42cd
 *(.debug_line)
 .debug_line    0x00000000      0x7da main.o
 .debug_line    0x000007da      0x209 lib/libnios2rte-db_4ce10.a(alt_load.o)
 .debug_line    0x000009e3      0x2a4 lib/libnios2rte-db_4ce10.a(alt_main.o)
 .debug_line    0x00000c87      0x121 lib/libnios2rte-db_4ce10.a(button.o)
 .debug_line    0x00000da8      0x1b0 lib/libnios2rte-db_4ce10.a(general_exception.o)
 .debug_line    0x00000f58      0x69d lib/libnios2rte-db_4ce10.a(gprintf.o)
 .debug_line    0x000015f5      0x455 lib/libnios2rte-db_4ce10.a(irq.o)
 .debug_line    0x00001a4a       0xe6 lib/libnios2rte-db_4ce10.a(led.o)
 .debug_line    0x00001b30      0x612 lib/libnios2rte-db_4ce10.a(roomba.o)
 .debug_line    0x00002142      0x1fb lib/libnios2rte-db_4ce10.a(sound.o)
 .debug_line    0x0000233d      0x23c lib/libnios2rte-db_4ce10.a(timer.o)
 .debug_line    0x00002579      0x23d lib/libnios2rte-db_4ce10.a(tools.o)
 .debug_line    0x000027b6      0x232 lib/libnios2rte-db_4ce10.a(uart.o)
 .debug_line    0x000029e8      0x366 /opt/altera12.0/nios2eds/bin/gnu/H-i686-pc-linux-gnu/bin/../lib/gcc/nios2-elf/4.1.2/libgcc.a(_udivdi3.o)
 .debug_line    0x00002d4e      0x3f1 /opt/altera12.0/nios2eds/bin/gnu/H-i686-pc-linux-gnu/bin/../lib/gcc/nios2-elf/4.1.2/libgcc.a(_umoddi3.o)
 .debug_line    0x0000313f      0x2c3 /opt/altera12.0/nios2eds/bin/gnu/H-i686-pc-linux-gnu/bin/../lib/gcc/nios2-elf/4.1.2/libgcc.a(lib2-divmod.o)
 .debug_line    0x00003402      0x18e /opt/altera12.0/nios2eds/bin/gnu/H-i686-pc-linux-gnu/bin/../lib/gcc/nios2-elf/4.1.2/libgcc.a(lib2-mul.o)
 .debug_line    0x00003590      0x11e /opt/altera12.0/nios2eds/bin/gnu/H-i686-pc-linux-gnu/bin/../lib/gcc/nios2-elf/4.1.2/libgcc.a(_clz.o)
 .debug_line    0x000036ae      0x232 /opt/altera12.0/nios2eds/bin/gnu/H-i686-pc-linux-gnu/bin/../lib/gcc/nios2-elf/4.1.2/../../../../nios2-elf/lib/libc.a(lib_a-exit.o)
 .debug_line    0x000038e0      0x224 /opt/altera12.0/nios2eds/bin/gnu/H-i686-pc-linux-gnu/bin/../lib/gcc/nios2-elf/4.1.2/../../../../nios2-elf/lib/libc.a(lib_a-impure.o)
 .debug_line    0x00003b04      0x361 /opt/altera12.0/nios2eds/bin/gnu/H-i686-pc-linux-gnu/bin/../lib/gcc/nios2-elf/4.1.2/../../../../nios2-elf/lib/libc.a(lib_a-__call_atexit.o)
 .debug_line    0x00003e65      0x1db /opt/altera12.0/nios2eds/bin/gnu/H-i686-pc-linux-gnu/bin/../lib/gcc/nios2-elf/4.1.2/../../../../nios2-elf/lib/libnosys.a(nosys_close.o)
 .debug_line    0x00004040       0xb4 /opt/altera12.0/nios2eds/bin/gnu/H-i686-pc-linux-gnu/bin/../lib/gcc/nios2-elf/4.1.2/../../../../nios2-elf/lib/libnosys.a(nosys_exit.o)
 .debug_line    0x000040f4      0x1d9 /opt/altera12.0/nios2eds/bin/gnu/H-i686-pc-linux-gnu/bin/../lib/gcc/nios2-elf/4.1.2/../../../../nios2-elf/lib/libc.a(lib_a-int_errno.o)

.debug_frame    0x00000000      0xa68
 *(.debug_frame)
 .debug_frame   0x00000000      0x144 main.o
 .debug_frame   0x00000144       0x48 lib/libnios2rte-db_4ce10.a(alt_load.o)
 .debug_frame   0x0000018c       0x2c lib/libnios2rte-db_4ce10.a(alt_main.o)
 .debug_frame   0x000001b8       0x48 lib/libnios2rte-db_4ce10.a(button.o)
 .debug_frame   0x00000200       0x2c lib/libnios2rte-db_4ce10.a(general_exception.o)
 .debug_frame   0x0000022c       0xb8 lib/libnios2rte-db_4ce10.a(gprintf.o)
 .debug_frame   0x000002e4      0x144 lib/libnios2rte-db_4ce10.a(irq.o)
 .debug_frame   0x00000428       0x2c lib/libnios2rte-db_4ce10.a(led.o)
 .debug_frame   0x00000454      0x248 lib/libnios2rte-db_4ce10.a(roomba.o)
 .debug_frame   0x0000069c       0x64 lib/libnios2rte-db_4ce10.a(sound.o)
 .debug_frame   0x00000700       0x9c lib/libnios2rte-db_4ce10.a(timer.o)
 .debug_frame   0x0000079c       0x64 lib/libnios2rte-db_4ce10.a(tools.o)
 .debug_frame   0x00000800       0x9c lib/libnios2rte-db_4ce10.a(uart.o)
 .debug_frame   0x0000089c       0x38 /opt/altera12.0/nios2eds/bin/gnu/H-i686-pc-linux-gnu/bin/../lib/gcc/nios2-elf/4.1.2/libgcc.a(_udivdi3.o)
 .debug_frame   0x000008d4       0x38 /opt/altera12.0/nios2eds/bin/gnu/H-i686-pc-linux-gnu/bin/../lib/gcc/nios2-elf/4.1.2/libgcc.a(_umoddi3.o)
 .debug_frame   0x0000090c       0x70 /opt/altera12.0/nios2eds/bin/gnu/H-i686-pc-linux-gnu/bin/../lib/gcc/nios2-elf/4.1.2/libgcc.a(lib2-divmod.o)
 .debug_frame   0x0000097c       0x20 /opt/altera12.0/nios2eds/bin/gnu/H-i686-pc-linux-gnu/bin/../lib/gcc/nios2-elf/4.1.2/libgcc.a(lib2-mul.o)
 .debug_frame   0x0000099c       0x28 /opt/altera12.0/nios2eds/bin/gnu/H-i686-pc-linux-gnu/bin/../lib/gcc/nios2-elf/4.1.2/../../../../nios2-elf/lib/libc.a(lib_a-exit.o)
 .debug_frame   0x000009c4       0x4c /opt/altera12.0/nios2eds/bin/gnu/H-i686-pc-linux-gnu/bin/../lib/gcc/nios2-elf/4.1.2/../../../../nios2-elf/lib/libc.a(lib_a-__call_atexit.o)
 .debug_frame   0x00000a10       0x20 /opt/altera12.0/nios2eds/bin/gnu/H-i686-pc-linux-gnu/bin/../lib/gcc/nios2-elf/4.1.2/../../../../nios2-elf/lib/libnosys.a(nosys_close.o)
 .debug_frame   0x00000a30       0x38 /opt/altera12.0/nios2eds/bin/gnu/H-i686-pc-linux-gnu/bin/../lib/gcc/nios2-elf/4.1.2/../../../../nios2-elf/lib/libnosys.a(nosys_exit.o)

.debug_str      0x00000000      0xa60
 *(.debug_str)
 .debug_str     0x00000000       0x12 main.o
 .debug_str     0x00000012       0x12 lib/libnios2rte-db_4ce10.a(alt_load.o)
 .debug_str     0x00000024       0x12 lib/libnios2rte-db_4ce10.a(alt_main.o)
 .debug_str     0x00000036       0x12 lib/libnios2rte-db_4ce10.a(button.o)
 .debug_str     0x00000048       0x2d lib/libnios2rte-db_4ce10.a(gprintf.o)
 .debug_str     0x00000075       0x12 lib/libnios2rte-db_4ce10.a(irq.o)
 .debug_str     0x00000087       0x12 lib/libnios2rte-db_4ce10.a(led.o)
 .debug_str     0x00000099       0x41 lib/libnios2rte-db_4ce10.a(roomba.o)
 .debug_str     0x000000da       0x1e lib/libnios2rte-db_4ce10.a(sound.o)
 .debug_str     0x000000f8      0x1a5 /opt/altera12.0/nios2eds/bin/gnu/H-i686-pc-linux-gnu/bin/../lib/gcc/nios2-elf/4.1.2/libgcc.a(_udivdi3.o)
                                0x1f9 (size before relaxing)
 .debug_str     0x0000029d        0xa /opt/altera12.0/nios2eds/bin/gnu/H-i686-pc-linux-gnu/bin/../lib/gcc/nios2-elf/4.1.2/libgcc.a(_umoddi3.o)
                                0x1f9 (size before relaxing)
 .debug_str     0x000002a7       0x76 /opt/altera12.0/nios2eds/bin/gnu/H-i686-pc-linux-gnu/bin/../lib/gcc/nios2-elf/4.1.2/libgcc.a(lib2-divmod.o)
                                0x1b6 (size before relaxing)
 .debug_str     0x0000031d       0x37 /opt/altera12.0/nios2eds/bin/gnu/H-i686-pc-linux-gnu/bin/../lib/gcc/nios2-elf/4.1.2/libgcc.a(lib2-mul.o)
                                0x177 (size before relaxing)
 .debug_str     0x00000000      0x163 /opt/altera12.0/nios2eds/bin/gnu/H-i686-pc-linux-gnu/bin/../lib/gcc/nios2-elf/4.1.2/libgcc.a(_clz.o)
 .debug_str     0x00000354      0x463 /opt/altera12.0/nios2eds/bin/gnu/H-i686-pc-linux-gnu/bin/../lib/gcc/nios2-elf/4.1.2/../../../../nios2-elf/lib/libc.a(lib_a-exit.o)
                                0x50e (size before relaxing)
 .debug_str     0x000007b7       0xd3 /opt/altera12.0/nios2eds/bin/gnu/H-i686-pc-linux-gnu/bin/../lib/gcc/nios2-elf/4.1.2/../../../../nios2-elf/lib/libc.a(lib_a-impure.o)
                                0x51c (size before relaxing)
 .debug_str     0x0000088a       0x7b /opt/altera12.0/nios2eds/bin/gnu/H-i686-pc-linux-gnu/bin/../lib/gcc/nios2-elf/4.1.2/../../../../nios2-elf/lib/libc.a(lib_a-__call_atexit.o)
                                0x550 (size before relaxing)
 .debug_str     0x00000905       0xca /opt/altera12.0/nios2eds/bin/gnu/H-i686-pc-linux-gnu/bin/../lib/gcc/nios2-elf/4.1.2/../../../../nios2-elf/lib/libnosys.a(nosys_close.o)
                                0x16b (size before relaxing)
 .debug_str     0x000009cf       0x54 /opt/altera12.0/nios2eds/bin/gnu/H-i686-pc-linux-gnu/bin/../lib/gcc/nios2-elf/4.1.2/../../../../nios2-elf/lib/libnosys.a(nosys_exit.o)
                                 0xea (size before relaxing)
 .debug_str     0x00000a23       0x3d /opt/altera12.0/nios2eds/bin/gnu/H-i686-pc-linux-gnu/bin/../lib/gcc/nios2-elf/4.1.2/../../../../nios2-elf/lib/libc.a(lib_a-int_errno.o)
                                0x165 (size before relaxing)

.debug_loc      0x00000000     0x2897
 *(.debug_loc)
 .debug_loc     0x00000000      0x1d9 main.o
 .debug_loc     0x000001d9       0x56 lib/libnios2rte-db_4ce10.a(alt_load.o)
 .debug_loc     0x0000022f       0x2b lib/libnios2rte-db_4ce10.a(alt_main.o)
 .debug_loc     0x0000025a       0x56 lib/libnios2rte-db_4ce10.a(button.o)
 .debug_loc     0x000002b0       0x2b lib/libnios2rte-db_4ce10.a(general_exception.o)
 .debug_loc     0x000002db      0x103 lib/libnios2rte-db_4ce10.a(gprintf.o)
 .debug_loc     0x000003de      0x1d9 lib/libnios2rte-db_4ce10.a(irq.o)
 .debug_loc     0x000005b7       0x2b lib/libnios2rte-db_4ce10.a(led.o)
 .debug_loc     0x000005e2      0x35c lib/libnios2rte-db_4ce10.a(roomba.o)
 .debug_loc     0x0000093e       0x81 lib/libnios2rte-db_4ce10.a(sound.o)
 .debug_loc     0x000009bf       0xd7 lib/libnios2rte-db_4ce10.a(timer.o)
 .debug_loc     0x00000a96       0x81 lib/libnios2rte-db_4ce10.a(tools.o)
 .debug_loc     0x00000b17       0xd7 lib/libnios2rte-db_4ce10.a(uart.o)
 .debug_loc     0x00000bee      0xc12 /opt/altera12.0/nios2eds/bin/gnu/H-i686-pc-linux-gnu/bin/../lib/gcc/nios2-elf/4.1.2/libgcc.a(_udivdi3.o)
 .debug_loc     0x00001800      0xc31 /opt/altera12.0/nios2eds/bin/gnu/H-i686-pc-linux-gnu/bin/../lib/gcc/nios2-elf/4.1.2/libgcc.a(_umoddi3.o)
 .debug_loc     0x00002431      0x1d2 /opt/altera12.0/nios2eds/bin/gnu/H-i686-pc-linux-gnu/bin/../lib/gcc/nios2-elf/4.1.2/libgcc.a(lib2-divmod.o)
 .debug_loc     0x00002603       0x4f /opt/altera12.0/nios2eds/bin/gnu/H-i686-pc-linux-gnu/bin/../lib/gcc/nios2-elf/4.1.2/libgcc.a(lib2-mul.o)
 .debug_loc     0x00002652       0x3d /opt/altera12.0/nios2eds/bin/gnu/H-i686-pc-linux-gnu/bin/../lib/gcc/nios2-elf/4.1.2/../../../../nios2-elf/lib/libc.a(lib_a-exit.o)
 .debug_loc     0x0000268f      0x1cb /opt/altera12.0/nios2eds/bin/gnu/H-i686-pc-linux-gnu/bin/../lib/gcc/nios2-elf/4.1.2/../../../../nios2-elf/lib/libc.a(lib_a-__call_atexit.o)
 .debug_loc     0x0000285a       0x3d /opt/altera12.0/nios2eds/bin/gnu/H-i686-pc-linux-gnu/bin/../lib/gcc/nios2-elf/4.1.2/../../../../nios2-elf/lib/libnosys.a(nosys_exit.o)

.debug_macinfo
 *(.debug_macinfo)

.debug_weaknames
 *(.debug_weaknames)

.debug_funcnames
 *(.debug_funcnames)

.debug_typenames
 *(.debug_typenames)

.debug_varnames
 *(.debug_varnames)

.debug_alt_sim_info
                0x00000000       0x10
 *(.debug_alt_sim_info)
 .debug_alt_sim_info
                0x00000000       0x10 lib/crt0.o
OUTPUT(main.elf elf32-littlenios2)

.debug_ranges   0x00000000      0x338
 .debug_ranges  0x00000000      0x188 /opt/altera12.0/nios2eds/bin/gnu/H-i686-pc-linux-gnu/bin/../lib/gcc/nios2-elf/4.1.2/libgcc.a(_udivdi3.o)
 .debug_ranges  0x00000188      0x198 /opt/altera12.0/nios2eds/bin/gnu/H-i686-pc-linux-gnu/bin/../lib/gcc/nios2-elf/4.1.2/libgcc.a(_umoddi3.o)
 .debug_ranges  0x00000320       0x18 /opt/altera12.0/nios2eds/bin/gnu/H-i686-pc-linux-gnu/bin/../lib/gcc/nios2-elf/4.1.2/../../../../nios2-elf/lib/libc.a(lib_a-__call_atexit.o)
